// Jest Snapshot v1, https://goo.gl/fbAQLP

exports[`renders the ThankPage component correctly 1`] = `
<div>
  <div
    class="grid"
  >
    <div
      class="thankyou"
    >
      <h3>
        Your order is confirmed
      </h3>
      <br />
      <h1>
        Thank you for shopping with me. Enjoy your day :-) 
      </h1>
    </div>
  </div>
</div>
`;
